---
source: crates/forge/tests/e2e/gas_report.rs
expression: stdout
---
[PASS] debugging_integrationtest::test_trace::test_debugging_trace_success (l1_gas: ~0, l1_data_gas: ~288, l2_gas: ~1372230)
╭-------------------------+-------+--------+--------+---------+---------╮
| SimpleContract Contract |       |        |        |         |         |
+=======================================================================+
| Function Name           | Min   | Max    | Avg    | Std Dev | # Calls |
|-------------------------+-------+--------+--------+---------+---------|
| execute_calls           | 11660 | 609380 | 184000 | 235987  | 5       |
|-------------------------+-------+--------+--------+---------+---------|
| fail                    | 17950 | 17950  | 17950  | 0       | 1       |
╰-------------------------+-------+--------+--------+---------+---------╯
