---
source: crates/forge/tests/e2e/gas_report.rs
expression: stdout
---
[PASS] simple_package_integrationtest::contract::call_and_invoke (l1_gas: ~0, l1_data_gas: ~192, l2_gas: ~524000)
╭------------------------+-------+-------+-------+---------+---------╮
| HelloStarknet Contract |       |       |       |         |         |
+====================================================================+
| Function Name          | Min   | Max   | Avg   | Std Dev | # Calls |
|------------------------+-------+-------+-------+---------+---------|
| get_balance            | 13840 | 13840 | 13840 | 0       | 2       |
|------------------------+-------+-------+-------+---------+---------|
| increase_balance       | 25640 | 25640 | 25640 | 0       | 1       |
╰------------------------+-------+-------+-------+---------+---------╯
